{
  "version": "1.5.0",
  "plugins_used": [
    {
      "name": "ArtifactoryDetector"
    },
    {
      "name": "AWSKeyDetector"
    },
    {
      "name": "AzureStorageKeyDetector"
    },
    {
      "name": "Base64HighEntropyString",
      "limit": 4.5
    },
    {
      "name": "BasicAuthDetector"
    },
    {
      "name": "CloudantDetector"
    },
    {
      "name": "DiscordBotTokenDetector"
    },
    {
      "name": "GitHubTokenDetector"
    },
    {
      "name": "GitLabTokenDetector"
    },
    {
      "name": "HexHighEntropyString",
      "limit": 3.0
    },
    {
      "name": "IbmCloudIamDetector"
    },
    {
      "name": "IbmCosHmacDetector"
    },
    {
      "name": "IPPublicDetector"
    },
    {
      "name": "JwtTokenDetector"
    },
    {
      "name": "KeywordDetector",
      "keyword_exclude": ""
    },
    {
      "name": "MailchimpDetector"
    },
    {
      "name": "NpmDetector"
    },
    {
      "name": "OpenAIDetector"
    },
    {
      "name": "PrivateKeyDetector"
    },
    {
      "name": "PypiTokenDetector"
    },
    {
      "name": "SendGridDetector"
    },
    {
      "name": "SlackDetector"
    },
    {
      "name": "SoftlayerDetector"
    },
    {
      "name": "SquareOAuthDetector"
    },
    {
      "name": "StripeDetector"
    },
    {
      "name": "TelegramBotTokenDetector"
    },
    {
      "name": "TwilioKeyDetector"
    }
  ],
  "filters_used": [
    {
      "path": "detect_secrets.filters.allowlist.is_line_allowlisted"
    },
    {
      "path": "detect_secrets.filters.common.is_ignored_due_to_verification_policies",
      "min_level": 2
    },
    {
      "path": "detect_secrets.filters.heuristic.is_indirect_reference"
    },
    {
      "path": "detect_secrets.filters.heuristic.is_likely_id_string"
    },
    {
      "path": "detect_secrets.filters.heuristic.is_lock_file"
    },
    {
      "path": "detect_secrets.filters.heuristic.is_not_alphanumeric_string"
    },
    {
      "path": "detect_secrets.filters.heuristic.is_potential_uuid"
    },
    {
      "path": "detect_secrets.filters.heuristic.is_prefixed_with_dollar_sign"
    },
    {
      "path": "detect_secrets.filters.heuristic.is_sequential_string"
    },
    {
      "path": "detect_secrets.filters.heuristic.is_swagger_file"
    },
    {
      "path": "detect_secrets.filters.heuristic.is_templated_secret"
    }
  ],
  "results": {
    "src/claude_builder/templates/frameworks/axum/development_guide.md": [
      {
        "type": "Basic Auth Credentials",
        "filename": "src/claude_builder/templates/frameworks/axum/development_guide.md",
        "hashed_secret": "5baa61e4c9b93f3f0682250b6cf8331b7ee68fd8",
        "is_verified": false,
        "line_number": 68
      },
      {
        "type": "Basic Auth Credentials",
        "filename": "src/claude_builder/templates/frameworks/axum/development_guide.md",
        "hashed_secret": "b6a0ea76e8bcd278a7f7b2a54bd5e4eb45ff7c57",
        "is_verified": false,
        "line_number": 177
      },
      {
        "type": "Secret Keyword",
        "filename": "src/claude_builder/templates/frameworks/axum/development_guide.md",
        "hashed_secret": "4c83ff2aca6b6ff50d5d680a16d7cf6936b5e632",
        "is_verified": false,
        "line_number": 205
      },
      {
        "type": "Basic Auth Credentials",
        "filename": "src/claude_builder/templates/frameworks/axum/development_guide.md",
        "hashed_secret": "afc848c316af1a89d49826c5ae9d00ed769415f3",
        "is_verified": false,
        "line_number": 1026
      }
    ],
    "src/claude_builder/templates/frameworks/django/claude_instructions.md": [
      {
        "type": "Secret Keyword",
        "filename": "src/claude_builder/templates/frameworks/django/claude_instructions.md",
        "hashed_secret": "1c58bd92003bbaa0538e249fff6ee19a270dec5f",
        "is_verified": false,
        "line_number": 814
      }
    ],
    "src/claude_builder/templates/frameworks/django/development_guide.md": [
      {
        "type": "Secret Keyword",
        "filename": "src/claude_builder/templates/frameworks/django/development_guide.md",
        "hashed_secret": "1c58bd92003bbaa0538e249fff6ee19a270dec5f",
        "is_verified": false,
        "line_number": 482
      },
      {
        "type": "Secret Keyword",
        "filename": "src/claude_builder/templates/frameworks/django/development_guide.md",
        "hashed_secret": "449ed97bdef672c3aadc98dcdaa63fe9d357f8f1",
        "is_verified": false,
        "line_number": 491
      },
      {
        "type": "Secret Keyword",
        "filename": "src/claude_builder/templates/frameworks/django/development_guide.md",
        "hashed_secret": "aafdc23870ecbcd3d557b6423a8982134e17927e",
        "is_verified": false,
        "line_number": 679
      },
      {
        "type": "Basic Auth Credentials",
        "filename": "src/claude_builder/templates/frameworks/django/development_guide.md",
        "hashed_secret": "5baa61e4c9b93f3f0682250b6cf8331b7ee68fd8",
        "is_verified": false,
        "line_number": 1012
      }
    ],
    "src/claude_builder/templates/frameworks/fastapi/development_guide.md": [
      {
        "type": "Basic Auth Credentials",
        "filename": "src/claude_builder/templates/frameworks/fastapi/development_guide.md",
        "hashed_secret": "5baa61e4c9b93f3f0682250b6cf8331b7ee68fd8",
        "is_verified": false,
        "line_number": 100
      },
      {
        "type": "Secret Keyword",
        "filename": "src/claude_builder/templates/frameworks/fastapi/development_guide.md",
        "hashed_secret": "c18006fc138809314751cd1991f1e0b820fabd37",
        "is_verified": false,
        "line_number": 499
      },
      {
        "type": "Secret Keyword",
        "filename": "src/claude_builder/templates/frameworks/fastapi/development_guide.md",
        "hashed_secret": "7f8316036b3ebfb2b145b09b947d8e3b22f974dc",
        "is_verified": false,
        "line_number": 512
      },
      {
        "type": "Secret Keyword",
        "filename": "src/claude_builder/templates/frameworks/fastapi/development_guide.md",
        "hashed_secret": "55293e770dd9112f018ceda6f0fcf882fa16fd04",
        "is_verified": false,
        "line_number": 571
      },
      {
        "type": "Secret Keyword",
        "filename": "src/claude_builder/templates/frameworks/fastapi/development_guide.md",
        "hashed_secret": "a240a1757ef2e0abf3f252dccec6895fc90d6385",
        "is_verified": false,
        "line_number": 599
      },
      {
        "type": "Secret Keyword",
        "filename": "src/claude_builder/templates/frameworks/fastapi/development_guide.md",
        "hashed_secret": "661c9b0b21e467794b184ef6a77141959150ea9e",
        "is_verified": false,
        "line_number": 806
      }
    ],
    "src/claude_builder/templates/frameworks/react/development_guide.md": [
      {
        "type": "Secret Keyword",
        "filename": "src/claude_builder/templates/frameworks/react/development_guide.md",
        "hashed_secret": "5baa61e4c9b93f3f0682250b6cf8331b7ee68fd8",
        "is_verified": false,
        "line_number": 581
      }
    ],
    "src/claude_builder/templates/languages/javascript/claude_instructions.md": [
      {
        "type": "Hex High Entropy String",
        "filename": "src/claude_builder/templates/languages/javascript/claude_instructions.md",
        "hashed_secret": "960903f95946e89e7a21ab56be937700ab2fcc15",
        "is_verified": false,
        "line_number": 570
      }
    ],
    "src/claude_builder/templates/languages/javascript/development_guide.md": [
      {
        "type": "Secret Keyword",
        "filename": "src/claude_builder/templates/languages/javascript/development_guide.md",
        "hashed_secret": "cbfdac6008f9cab4083784cbd1874f76618d2a97",
        "is_verified": false,
        "line_number": 458
      }
    ],
    "src/claude_builder/templates/languages/rust/development_guide.md": [
      {
        "type": "Basic Auth Credentials",
        "filename": "src/claude_builder/templates/languages/rust/development_guide.md",
        "hashed_secret": "afc848c316af1a89d49826c5ae9d00ed769415f3",
        "is_verified": false,
        "line_number": 793
      }
    ],
    "tests/unit/advanced/test_config_management.py": [
      {
        "type": "Secret Keyword",
        "filename": "tests/unit/advanced/test_config_management.py",
        "hashed_secret": "f2b14f68eb995facb3a1c35287b778d5bd785511",
        "is_verified": false,
        "line_number": 111
      },
      {
        "type": "Secret Keyword",
        "filename": "tests/unit/advanced/test_config_management.py",
        "hashed_secret": "e415dfafffe0c1859396cee8659521eaeb789ced",
        "is_verified": false,
        "line_number": 211
      },
      {
        "type": "Secret Keyword",
        "filename": "tests/unit/advanced/test_config_management.py",
        "hashed_secret": "8c2bcc106f173002d4e12322c6b52d1fb6ad8287",
        "is_verified": false,
        "line_number": 370
      },
      {
        "type": "Secret Keyword",
        "filename": "tests/unit/advanced/test_config_management.py",
        "hashed_secret": "b000eda57996deb2722bdbfc48bd7aa6e8f8cdad",
        "is_verified": false,
        "line_number": 372
      },
      {
        "type": "Secret Keyword",
        "filename": "tests/unit/advanced/test_config_management.py",
        "hashed_secret": "a761ce3a45d97e41840a788495e85a70d1bb3815",
        "is_verified": false,
        "line_number": 389
      },
      {
        "type": "Secret Keyword",
        "filename": "tests/unit/advanced/test_config_management.py",
        "hashed_secret": "21dde79b804497e122f38dabc393f8e94f103ca6",
        "is_verified": false,
        "line_number": 445
      }
    ],
    "tests/unit/advanced/test_git_integration.py": [
      {
        "type": "Hex High Entropy String",
        "filename": "tests/unit/advanced/test_git_integration.py",
        "hashed_secret": "90bd1b48e958257948487b90bee080ba5ed00caa",
        "is_verified": false,
        "line_number": 107
      }
    ],
    "tests/unit/advanced/test_template_manager.py": [
      {
        "type": "Secret Keyword",
        "filename": "tests/unit/advanced/test_template_manager.py",
        "hashed_secret": "2e7a7ee14caebf378fc32d6cf6f557f347c96773",
        "is_verified": false,
        "line_number": 471
      },
      {
        "type": "Secret Keyword",
        "filename": "tests/unit/advanced/test_template_manager.py",
        "hashed_secret": "3acfb2c2b433c0ea7ff107e33df91b18e52f960f",
        "is_verified": false,
        "line_number": 569
      }
    ]
  },
  "generated_at": "2025-09-12T17:55:43Z"
}
